11:51:19 **** Incremental Build of configuration Debug for project MidtermExam ****
make -j7 all 
arm-none-eabi-gcc -o "MidtermExam.elf" @"objects.list"   -mcpu=cortex-m3 -T"/Users/nhatmai/Documents/Semester 221/Microcontroller - Microprocessor/Midterm Exam/MidtermExam/STM32F103C6UX_FLASH.ld" --specs=nosys.specs -Wl,-Map="MidtermExam.map" -Wl,--gc-sections -static --specs=nano.specs -mfloat-abi=soft -mthumb -Wl,--start-group -lc -lm -Wl,--end-group
Finished building target: MidtermExam.elf
 
arm-none-eabi-size   MidtermExam.elf 
arm-none-eabi-objdump -h -S  MidtermExam.elf  > "MidtermExam.list"
arm-none-eabi-objcopy  -O ihex  MidtermExam.elf  "MidtermExam.hex"
arm-none-eabi-objcopy  -O binary  MidtermExam.elf  "MidtermExam.bin"
   text	   data	    bss	    dec	    hex	filename
   8760	    100	   1692	  10552	   2938	MidtermExam.elf
Finished building: default.size.stdout
 
Finished building: MidtermExam.hex
Finished building: MidtermExam.bin
 
 
Finished building: MidtermExam.list
 

11:51:20 Build Finished. 0 errors, 0 warnings. (took 586ms)

